=== Raw valuation level test ===
mode=level N=  500 pair=(2, 5) alpha=0.85 obs=0.4167 null=0.1618 p=0.0000 BH-q=0.0000
mode=level N=  500 pair=(5, 11) alpha=0.85 obs=0.1750 null=0.0801 p=0.0000 BH-q=0.0000
mode=level N= 5000 pair=(2, 3) alpha=0.90 obs=0.1411 null=0.0876 p=0.0000 BH-q=0.0000
mode=level N= 5000 pair=(2, 3) alpha=0.95 obs=0.0890 null=0.0520 p=0.0000 BH-q=0.0000
mode=level N= 1000 pair=(2, 3) alpha=0.90 obs=0.1364 null=0.0812 p=0.0020 BH-q=0.0200
mode=level N= 2000 pair=(3, 5) alpha=0.85 obs=0.1510 null=0.1097 p=0.0020 BH-q=0.0200
mode=level N= 5000 pair=(2, 3) alpha=0.85 obs=0.1678 null=0.1353 p=0.0040 BH-q=0.0343
mode=level N= 2000 pair=(2, 3) alpha=0.85 obs=0.2308 null=0.1751 p=0.0060 BH-q=0.0450
mode=level N= 2000 pair=(3, 5) alpha=0.90 obs=0.1549 null=0.1100 p=0.0160 BH-q=0.0923
mode=level N= 5000 pair=(2, 5) alpha=0.85 obs=0.1358 null=0.1131 p=0.0160 BH-q=0.0923
mode=level N=  500 pair=(3, 5) alpha=0.90 obs=0.1400 null=0.0565 p=0.0180 BH-q=0.0923
mode=level N= 1000 pair=(5, 7) alpha=0.85 obs=0.2734 null=0.1978 p=0.0200 BH-q=0.0923
mode=level N= 5000 pair=(5, 7) alpha=0.85 obs=0.1813 null=0.1517 p=0.0200 BH-q=0.0923
mode=level N=  500 pair=(2, 3) alpha=0.95 obs=0.1389 null=0.0550 p=0.0280 BH-q=0.1200
mode=level N= 1000 pair=(3, 5) alpha=0.90 obs=0.1975 null=0.1282 p=0.0360 BH-q=0.1440
mode=level N=  500 pair=(2, 3) alpha=0.85 obs=0.2778 null=0.1612 p=0.0460 BH-q=0.1694
mode=level N= 5000 pair=(5, 7) alpha=0.90 obs=0.0863 null=0.0689 p=0.0480 BH-q=0.1694
mode=level N= 1000 pair=(3, 5) alpha=0.85 obs=0.1778 null=0.1285 p=0.0520 BH-q=0.1733
mode=level N=  500 pair=(3, 5) alpha=0.85 obs=0.2250 null=0.1597 p=0.0640 BH-q=0.1920
mode=level N=  500 pair=(5, 7) alpha=0.85 obs=0.1625 null=0.1052 p=0.0640 BH-q=0.1920

=== Jump / carry-change test ===
mode=jump  N=  500 pair=(5, 11) alpha=0.90 obs=0.0500 null=0.0239 p=0.2660 BH-q=0.7447
mode=jump  N=  500 pair=(5, 11) alpha=0.95 obs=0.0500 null=0.0239 p=0.2660 BH-q=0.7447
mode=jump  N= 5000 pair=(5, 11) alpha=0.85 obs=0.2768 null=0.2728 p=0.4140 BH-q=0.7447
mode=jump  N= 2000 pair=(5, 11) alpha=0.85 obs=0.2812 null=0.2718 p=0.4260 BH-q=0.7447
mode=jump  N= 1000 pair=(5, 11) alpha=0.85 obs=0.2875 null=0.2730 p=0.4340 BH-q=0.7447
mode=jump  N=  500 pair=(3, 5) alpha=0.95 obs=0.1053 null=0.0868 p=0.4740 BH-q=0.7447
mode=jump  N= 5000 pair=(5, 11) alpha=0.90 obs=0.0249 null=0.0244 p=0.5020 BH-q=0.7447
mode=jump  N= 5000 pair=(5, 11) alpha=0.95 obs=0.0249 null=0.0244 p=0.5020 BH-q=0.7447
mode=jump  N= 2000 pair=(5, 7) alpha=0.85 obs=0.0625 null=0.0607 p=0.5320 BH-q=0.7447
mode=jump  N= 2000 pair=(5, 7) alpha=0.90 obs=0.0625 null=0.0607 p=0.5320 BH-q=0.7447
mode=jump  N= 2000 pair=(5, 7) alpha=0.95 obs=0.0625 null=0.0607 p=0.5320 BH-q=0.7447
mode=jump  N=  500 pair=(5, 11) alpha=0.85 obs=0.2750 null=0.2724 p=0.5560 BH-q=0.7447
mode=jump  N= 5000 pair=(3, 5) alpha=0.85 obs=0.0791 null=0.0799 p=0.5640 BH-q=0.7447
mode=jump  N= 5000 pair=(3, 5) alpha=0.90 obs=0.0791 null=0.0799 p=0.5640 BH-q=0.7447
mode=jump  N= 2000 pair=(3, 5) alpha=0.95 obs=0.0811 null=0.0801 p=0.5680 BH-q=0.7447
mode=jump  N= 2000 pair=(5, 11) alpha=0.90 obs=0.0250 null=0.0251 p=0.5840 BH-q=0.7447
mode=jump  N= 2000 pair=(5, 11) alpha=0.95 obs=0.0250 null=0.0251 p=0.5840 BH-q=0.7447
mode=jump  N= 5000 pair=(5, 7) alpha=0.85 obs=0.0599 null=0.0609 p=0.5880 BH-q=0.7447
mode=jump  N= 5000 pair=(5, 7) alpha=0.90 obs=0.0599 null=0.0609 p=0.5880 BH-q=0.7447
mode=jump  N= 5000 pair=(5, 7) alpha=0.95 obs=0.0599 null=0.0609 p=0.5880 BH-q=0.7447
