=== L4 positional tower / Borwein-like / logistic test ===

rcrit = 1 + sqrt(6) = 3.44948974278317809819728407471
logistic Lyapunov at rcrit ≈ -0.00012013927484664507908

L=0
  scales = ['2.0', '3.0']
  B_L    = 3.14119783458331629687033698167
  |2B_L/pi - 1| = 0.999748650414
  c10 distance B_L vs pi/2       = 0.000575
  c10 distance B_L vs 1+sqrt(6)  = 0.006596

L=1
  scales = ['2.0', '3.0', '6.0']
  B_L    = 3.14159546269918878397356356573
  |2B_L/pi - 1| = 1.00000178833
  c10 distance B_L vs pi/2       = 0.006674
  c10 distance B_L vs 1+sqrt(6)  = 0.017132

L=2
  scales = ['2.0', '3.0', '6.0', '2.44948974278']
  B_L    = 2.75132012804424690042644006848
  |2B_L/pi - 1| = 0.751544793626
  c10 distance B_L vs pi/2       = 0.006888
  c10 distance B_L vs 1+sqrt(6)  = 0.001031

L=3
  scales = ['2.0', '3.0', '6.0', '2.44948974278', '3.44948974278']
  B_L    = 2.59495856507669701054454049534
  |2B_L/pi - 1| = 0.652001931002
  c10 distance B_L vs pi/2       = 0.005414
  c10 distance B_L vs 1+sqrt(6)  = 0.001294

L=4
  scales = ['2.0', '3.0', '6.0', '2.44948974278', '3.44948974278', '0.289897948557']
  B_L    = 0.455370632738162372338469199779
  |2B_L/pi - 1| = 0.710102051443
  c10 distance B_L vs pi/2       = 0.016941
  c10 distance B_L vs 1+sqrt(6)  = 0.029310

=== Operation introduction jumps ===
L0 -> L1: c10 jump = 0.003870
L1 -> L2: c10 jump = 0.025743
L2 -> L3: c10 jump = 0.003663
L3 -> L4: c10 jump = 0.039597
